<?xml version='1.0' encoding='utf-8'?>
<testsuites><testsuite name="OWASP ZAP Test Suite"><testcase name="Content Security Policy (CSP) Header Not Set" classname="http://frontend.conference-app,http://frontend.conference-app/,http://frontend.conference-app/about/,http://frontend.conference-app/agenda/,http://frontend.conference-app/backoffice/,http://frontend.conference-app/proposals/" tests="6"><failure message="High Risk Vulnerability">Details: &lt;p&gt;Content Security Policy (CSP) is an added layer of security that helps to detect and mitigate certain types of attacks, including Cross Site Scripting (XSS) and data injection attacks. These attacks are used for everything from data theft to site defacement or distribution of malware. CSP provides a set of standard HTTP headers that allow website owners to declare approved sources of content that browsers should be allowed to load on that page — covered types are JavaScript, CSS, HTML frames, fonts, images and embeddable objects such as Java applets, ActiveX, audio and video files.&lt;/p&gt;</failure></testcase><testcase name="Missing Anti-clickjacking Header" classname="http://frontend.conference-app,http://frontend.conference-app/,http://frontend.conference-app/about/,http://frontend.conference-app/agenda/,http://frontend.conference-app/backoffice/,http://frontend.conference-app/proposals/" tests="6"><system-out>Details: &lt;p&gt;The response does not protect against 'ClickJacking' attacks. It should include either Content-Security-Policy with 'frame-ancestors' directive or X-Frame-Options.&lt;/p&gt;</system-out></testcase><testcase name="Insufficient Site Isolation Against Spectre Vulnerability" classname="http://frontend.conference-app/,http://frontend.conference-app/_next/static/css/57c5d64e394ecb1b.css,http://frontend.conference-app/_next/static/css/6978fec5d88d373f.css,http://frontend.conference-app/_next/static/css/7af9ab3ee1b23db1.css,http://frontend.conference-app/_next/static/css/af07f5092ca96d95.css,http://frontend.conference-app/_next/static/media/5ceacf5c270ef288-s.p.woff2,http://frontend.conference-app/_next/static/media/ae798fbcd31d4786-s.p.woff2,http://frontend.conference-app/_next/static/media/c769b9ad37242ab7-s.p.woff2,http://frontend.conference-app/favicon.ico,http://frontend.conference-app/images/nextImageExportOptimizer/book-opt-640.WEBP,http://frontend.conference-app/,http://frontend.conference-app/" tests="12"><system-out>Details: &lt;p&gt;Cross-Origin-Resource-Policy header is an opt-in header designed to counter side-channels attacks like Spectre. Resource should be specifically set as shareable amongst different origins.&lt;/p&gt;</system-out></testcase><testcase name="Permissions Policy Header Not Set" classname="http://frontend.conference-app,http://frontend.conference-app/,http://frontend.conference-app/_next/static/chunks/698-24fd0e33e569ee23.js,http://frontend.conference-app/_next/static/chunks/bce60fc1-7d11ffe8c89084c6.js,http://frontend.conference-app/_next/static/chunks/main-app-edf4f9c1407f6253.js,http://frontend.conference-app/_next/static/chunks/polyfills-78c92fac7aa8fdd8.js,http://frontend.conference-app/_next/static/chunks/webpack-65ed2e56c6197100.js,http://frontend.conference-app/about/,http://frontend.conference-app/agenda/,http://frontend.conference-app/backoffice/,http://frontend.conference-app/proposals/" tests="11"><system-out>Details: &lt;p&gt;Permissions Policy Header is an added layer of security that helps to restrict from unauthorized access or usage of browser/client features by web resources. This policy ensures the user privacy by limiting or specifying the features of the browsers can be used by the web resources. Permissions Policy provides a set of standard HTTP headers that allow website owners to limit which features of browsers can be used by the page such as camera, microphone, location, full screen etc.&lt;/p&gt;</system-out></testcase><testcase name="X-Content-Type-Options Header Missing" classname="http://frontend.conference-app/,http://frontend.conference-app/_next/static/chunks/main-app-edf4f9c1407f6253.js,http://frontend.conference-app/_next/static/chunks/webpack-65ed2e56c6197100.js,http://frontend.conference-app/_next/static/css/57c5d64e394ecb1b.css,http://frontend.conference-app/_next/static/css/6978fec5d88d373f.css,http://frontend.conference-app/_next/static/css/7af9ab3ee1b23db1.css,http://frontend.conference-app/_next/static/css/acefc01365d9a45e.css,http://frontend.conference-app/_next/static/css/af07f5092ca96d95.css,http://frontend.conference-app/_next/static/css/e2d1984c71540cce.css,http://frontend.conference-app/_next/static/media/5ceacf5c270ef288-s.p.woff2,http://frontend.conference-app/_next/static/media/ae798fbcd31d4786-s.p.woff2,http://frontend.conference-app/_next/static/media/c769b9ad37242ab7-s.p.woff2,http://frontend.conference-app/favicon.ico,http://frontend.conference-app/images/nextImageExportOptimizer/esala-opt-256.WEBP,http://frontend.conference-app/images/nextImageExportOptimizer/salaboy-opt-128.WEBP" tests="15"><system-out>Details: &lt;p&gt;The Anti-MIME-Sniffing header X-Content-Type-Options was not set to 'nosniff'. This allows older versions of Internet Explorer and Chrome to perform MIME-sniffing on the response body, potentially causing the response body to be interpreted and displayed as a content type other than the declared content type. Current (early 2014) and legacy versions of Firefox will use the declared content type (if one is set), rather than performing MIME-sniffing.&lt;/p&gt;</system-out></testcase><testcase name="Base64 Disclosure" classname="http://frontend.conference-app/about/" tests="1"><system-out>Details: &lt;p&gt;Base64 encoded data was disclosed by the application/web server. Note: in the interests of performance not all base64 strings in the response were analyzed individually, the entire response should be looked at by the analyst/security team/developer(s).&lt;/p&gt;</system-out></testcase><testcase name="Information Disclosure - Suspicious Comments" classname="http://frontend.conference-app/_next/static/chunks/394-551b8d64b46d77e9.js,http://frontend.conference-app/_next/static/chunks/574-d1405af26c696403.js,http://frontend.conference-app/_next/static/chunks/629-acc9a33c7cf9c6d2.js,http://frontend.conference-app/_next/static/chunks/698-24fd0e33e569ee23.js,http://frontend.conference-app/_next/static/chunks/698-24fd0e33e569ee23.js,http://frontend.conference-app/_next/static/chunks/app/agenda/page-8b7b5c716de098f3.js,http://frontend.conference-app/_next/static/chunks/app/backoffice/page-65d11a4700c84177.js,http://frontend.conference-app/_next/static/chunks/app/page-25518762d7162a30.js,http://frontend.conference-app/_next/static/chunks/app/proposals/page-7818afef5f01405a.js,http://frontend.conference-app/_next/static/chunks/bce60fc1-7d11ffe8c89084c6.js,http://frontend.conference-app/_next/static/chunks/polyfills-78c92fac7aa8fdd8.js" tests="11"><system-out>Details: &lt;p&gt;The response appears to contain suspicious comments which may help an attacker. Note: Matches made within script blocks or files are against the entire content not only comments.&lt;/p&gt;</system-out></testcase><testcase name="Modern Web Application" classname="http://frontend.conference-app/about/,http://frontend.conference-app/proposals/" tests="2"><system-out>Details: &lt;p&gt;The application appears to be a modern web application. If you need to explore it automatically then the Ajax Spider may well be more effective than the standard one.&lt;/p&gt;</system-out></testcase><testcase name="Sec-Fetch-Dest Header is Missing" classname="http://frontend.conference-app/,http://frontend.conference-app/robots.txt,http://frontend.conference-app/sitemap.xml" tests="3"><failure message="High Risk Vulnerability">Details: &lt;p&gt;Specifies how and where the data would be used. For instance, if the value is audio, then the requested resource must be audio data and not any other type of resource.&lt;/p&gt;</failure></testcase><testcase name="Sec-Fetch-Mode Header is Missing" classname="http://frontend.conference-app/,http://frontend.conference-app/robots.txt,http://frontend.conference-app/sitemap.xml" tests="3"><failure message="High Risk Vulnerability">Details: &lt;p&gt;Allows to differentiate between requests for navigating between HTML pages and requests for loading resources like images, audio etc.&lt;/p&gt;</failure></testcase><testcase name="Sec-Fetch-Site Header is Missing" classname="http://frontend.conference-app/,http://frontend.conference-app/robots.txt,http://frontend.conference-app/sitemap.xml" tests="3"><failure message="High Risk Vulnerability">Details: &lt;p&gt;Specifies the relationship between request initiator's origin and target's origin.&lt;/p&gt;</failure></testcase><testcase name="Sec-Fetch-User Header is Missing" classname="http://frontend.conference-app/,http://frontend.conference-app/robots.txt,http://frontend.conference-app/sitemap.xml" tests="3"><failure message="High Risk Vulnerability">Details: &lt;p&gt;Specifies if a navigation request was initiated by a user.&lt;/p&gt;</failure></testcase><testcase name="Storable and Cacheable Content" classname="http://frontend.conference-app/,http://frontend.conference-app/_next/static/chunks/main-app-edf4f9c1407f6253.js,http://frontend.conference-app/_next/static/chunks/webpack-65ed2e56c6197100.js,http://frontend.conference-app/_next/static/css/57c5d64e394ecb1b.css,http://frontend.conference-app/_next/static/css/6978fec5d88d373f.css,http://frontend.conference-app/_next/static/css/7af9ab3ee1b23db1.css,http://frontend.conference-app/_next/static/css/acefc01365d9a45e.css,http://frontend.conference-app/_next/static/css/af07f5092ca96d95.css,http://frontend.conference-app/_next/static/media/5ceacf5c270ef288-s.p.woff2,http://frontend.conference-app/_next/static/media/ae798fbcd31d4786-s.p.woff2,http://frontend.conference-app/_next/static/media/c769b9ad37242ab7-s.p.woff2,http://frontend.conference-app/favicon.ico,http://frontend.conference-app/images/nextImageExportOptimizer/book-opt-640.WEBP,http://frontend.conference-app/images/nextImageExportOptimizer/esala-opt-256.WEBP,http://frontend.conference-app/robots.txt,http://frontend.conference-app/sitemap.xml" tests="16"><system-out>Details: &lt;p&gt;The response contents are storable by caching components such as proxy servers, and may be retrieved directly from the cache, rather than from the origin server by the caching servers, in response to similar requests from other users. If the response data is sensitive, personal or user-specific, this may result in sensitive information being leaked. In some cases, this may even result in a user gaining complete control of the session of another user, depending on the configuration of the caching components in use in their environment. This is primarily an issue where "shared" caching servers such as "proxy" caches are configured on the local network. This configuration is typically found in corporate or educational environments, for instance.&lt;/p&gt;</system-out></testcase></testsuite></testsuites>